Microchip MPLAB XC8 Compiler V2.36

Linker command line:

-W-3 --edf=C:\Program Files\Microchip\xc8\v2.36\pic\dat\en_msgs.txt -cn \
  -h+dist/default/production\I2C_24LC256_PIC16F87X.X.production.sym \
  --cmf=dist/default/production\I2C_24LC256_PIC16F87X.X.production.cmf -z \
  -Q16F873A -oC:\Users\carlo\AppData\Local\Temp\xcAs334.4 \
  --defsym=__MPLAB_BUILD=1 \
  -Mdist/default/production/I2C_24LC256_PIC16F87X.X.production.map \
  --md=C:\Users\carlo\AppData\Local\Temp\xcAs334.dat -E1 -ver=XC8 Compiler \
  -ACODE=00h-07FFhx2 -ASTRCODE=00h-0FFFh -ASTRING=00h-0FFhx16 \
  -ACONST=00h-0FFhx16 -AENTRY=00h-0FFhx16 -ABANK0=020h-07Dh \
  -ABANK1=0A0h-0FDh -ARAM=020h-07Dh,0A0h-0FDh -AABS1=020h-07Fh,0A0h-0FFh \
  -ACOMMON=07Eh-07Fh -ASFR0=00h-01Fh -ASFR1=080h-09Fh -ASFR2=0100h-017Dh \
  -ASFR3=0180h-01FDh -ACONFIG=02007h-02007h -DCONFIG=2 \
  -AIDLOC=02000h-02003h -DIDLOC=2 -AEEDATA=00h-07Fh/02100h \
  -peeprom_data=EEDATA -DEEDATA=2 -DCODE=2 -DSTRCODE=2 -DSTRING=2 -DCONST=2 \
  -DENTRY=2 -preset_vec=00h,intentry,init,end_init -ppowerup=CODE \
  -pcinit=CODE -pfunctab=ENTRY -k \
  C:\Users\carlo\AppData\Local\Temp\xcAs334.o \
  dist/default/production\I2C_24LC256_PIC16F87X.X.production.o 

Object code version is 3.11

Machine type is 16F873A



                Name                               Link     Load   Length Selector   Space Scale
C:\Users\carlo\AppData\Local\Temp\xcAs334.o
                end_init                              0        0        2        0       0
                config                             2007     2007        1        0       4
                idloc                              2000     2000        4        0       5
dist/default/production\I2C_24LC256_PIC16F87X.X.production.o
                cinit                               7EA      7EA       16      FD4       0
                config                             2007     2007        1        0       4
                idloc                              2000     2000        4        0       5
                text12                              6A1      6A1        B      D42       0
                text11                              6CD      6CD       10      D9A       0
                text10                              6AC      6AC        B      D58       0
                text9                               6B7      6B7        B      D6E       0
                text8                               676      676        6      CEC       0
                text7                               67C      67C        6      CF8       0
                text6                               682      682        6      D04       0
                text5                               698      698        9      D30       0
                text4                               72B      72B       49      E56       0
                text3                               688      688        8      D10       0
                text2                               690      690        8      D20       0
                text1                               6ED      6ED       3E      DDA       0
                maintext                            774      774       76      EE8       0
                cstackBANK0                          2B       2B        B       20       1
                inittext                            6DD      6DD       10      DBA       0
                dataBANK0                            20       20        B       20       1
                bssBANK0                             36       36        8       20       1
                idataBANK0                          6C2      6C2        B      D84       0

TOTAL           Name                               Link     Load   Length     Space
        CLASS   CODE           
                end_init                              0        0        2         0
                cinit                               7EA      7EA       16         0
                text12                              6A1      6A1        B         0
                text11                              6CD      6CD       10         0
                text10                              6AC      6AC        B         0
                text9                               6B7      6B7        B         0
                text8                               676      676        6         0
                text7                               67C      67C        6         0
                text6                               682      682        6         0
                text5                               698      698        9         0
                text4                               72B      72B       49         0
                text3                               688      688        8         0
                text2                               690      690        8         0
                text1                               6ED      6ED       3E         0
                maintext                            774      774       76         0
                inittext                            6DD      6DD       10         0
                idataBANK0                          6C2      6C2        B         0

        CLASS   STRCODE        

        CLASS   STRING         

        CLASS   CONST          

        CLASS   ENTRY          

        CLASS   BANK0          
                cstackBANK0                          2B       2B        B         1
                dataBANK0                            20       20        B         1
                bssBANK0                             36       36        8         1

        CLASS   BANK1          

        CLASS   RAM            

        CLASS   ABS1           
                abs_s1                               7E       7E        2         1

        CLASS   COMMON         

        CLASS   SFR0           

        CLASS   SFR1           

        CLASS   SFR2           

        CLASS   SFR3           

        CLASS   CONFIG         
                config                             2007     2007        1         4

        CLASS   IDLOC          
                idloc                              2000     2000        4         5

        CLASS   EEDATA         

        CLASS   BANK3          

        CLASS   BANK2          

        CLASS   STACK          



SEGMENTS        Name                           Load    Length   Top    Selector   Space  Class     Delta

                reset_vec                      000000  000002  000002         0       0  CODE        2
                dataBANK0                      000020  00001E  00003E        20       1  BANK0       1
                text8                          000676  000006  00067C       CEC       0  CODE        2
                text7                          00067C  000006  000682       CF8       0  CODE        2
                text6                          000682  000006  000688       D04       0  CODE        2
                text3                          000688  000008  000690       D10       0  CODE        2
                text2                          000690  000008  000698       D20       0  CODE        2
                text5                          000698  000009  0006A1       D30       0  CODE        2
                text12                         0006A1  00000B  0006AC       D42       0  CODE        2
                text10                         0006AC  00000B  0006B7       D58       0  CODE        2
                text9                          0006B7  00000B  0006C2       D6E       0  CODE        2
                idataBANK0                     0006C2  00000B  0006CD       D84       0  CODE        2
                text11                         0006CD  000010  0006DD       D9A       0  CODE        2
                inittext                       0006DD  000010  0006ED       DBA       0  CODE        2
                text1                          0006ED  00003E  00072B       DDA       0  CODE        2
                text4                          00072B  000049  000774       E56       0  CODE        2
                maintext                       000774  000076  0007EA       EE8       0  CODE        2
                cinit                          0007EA  000016  000800       FD4       0  CODE        2


UNUSED ADDRESS RANGES

        Name                Unused          Largest block    Delta
        BANK0            003E-007D             40           1
        BANK1            00A0-00FD             5E           1
        CODE             0002-0675            674           2
                         0800-0FFF            800
        CONST            0002-0675            100           2
                         0800-0FFF            100
        EEDATA           2100-217F             80           2
        ENTRY            0002-0675            100           2
                         0800-0FFF            100
        RAM              003E-007D             40           1
                         00A0-00FD             5E
        SFR0             0000-001F             20           1
        SFR1             0080-009F             20           1
        SFR2             0100-017D             7E           1
        SFR3             0180-01FD             7E           1
        STRCODE          0002-0675            674           2
                         0800-0FFF            800
        STRING           0002-0675            100           2
                         0800-0FFF            100

                                  Symbol Table

I2C_write@I2C_data       cstackBANK0  002B
LCD_cmd@dato             cstackBANK0  002E
LCD_dato@dato            cstackBANK0  002E
LCD_write@dato           cstackBANK0  002D
_ACKSTAT                 (abs)        048E
_ADCON1                  (abs)        009F
_I2C_ack                 text12       06A1
_I2C_init                text11       06CD
_I2C_nack                text10       06AC
_I2C_read                text9        06B7
_I2C_restart             text8        0676
_I2C_start               text7        067C
_I2C_stop                text6        0682
_I2C_write               text5        0698
_LCD_cmd                 text2        0690
_LCD_dato                text3        0688
_LCD_init                text1        06ED
_LCD_write               text4        072B
_PIR1bits                (abs)        000C
_PORTAbits               (abs)        0005
_PORTBbits               (abs)        0006
_PORTCbits               (abs)        0007
_SSPADD                  (abs)        0093
_SSPBUF                  (abs)        0013
_SSPCON                  (abs)        0014
_SSPCON2                 (abs)        0091
_SSPCON2bits             (abs)        0091
_SSPSTAT                 (abs)        0094
_TRISAbits               (abs)        0085
_TRISBbits               (abs)        0086
_TRISCbits               (abs)        0087
__Habs1                  abs1         0000
__Hbank0                 bank0        0000
__Hbank1                 bank1        0000
__Hbank2                 bank2        0000
__Hbank3                 bank3        0000
__HbssBANK0              bssBANK0     0000
__Hcinit                 cinit        0800
__Hclrtext               clrtext      0000
__Hcode                  code         0000
__Hcommon                common       0000
__Hconfig                config       2008
__HcstackBANK0           cstackBANK0  0000
__HcstackCOMMON          cstackCOMMON 0000
__HdataBANK0             dataBANK0    0000
__Heeprom_data           eeprom_data  0000
__Hend_init              end_init     0002
__Hfunctab               functab      0000
__HidataBANK0            idataBANK0   0000
__Hidloc                 idloc        2004
__Hinit                  init         0000
__Hinittext              inittext     0000
__Hintentry              intentry     0000
__Hmaintext              maintext     0000
__Hpowerup               powerup      0000
__Hram                   ram          0000
__Hreset_vec             reset_vec    0000
__Hsfr0                  sfr0         0000
__Hsfr1                  sfr1         0000
__Hsfr2                  sfr2         0000
__Hsfr3                  sfr3         0000
__Hspace_0               (abs)        0800
__Hspace_1               (abs)        003E
__Hspace_2               (abs)        0000
__Hspace_3               (abs)        0000
__Hspace_4               (abs)        400F
__Hstack                 stack        0000
__Hstrings               strings      0000
__Htext                  text         0000
__Labs1                  abs1         0000
__Lbank0                 bank0        0000
__Lbank1                 bank1        0000
__Lbank2                 bank2        0000
__Lbank3                 bank3        0000
__LbssBANK0              bssBANK0     0000
__Lcinit                 cinit        07EA
__Lclrtext               clrtext      0000
__Lcode                  code         0000
__Lcommon                common       0000
__Lconfig                config       0000
__LcstackBANK0           cstackBANK0  0000
__LcstackCOMMON          cstackCOMMON 0000
__LdataBANK0             dataBANK0    0000
__Leeprom_data           eeprom_data  0000
__Lend_init              end_init     0000
__Lfunctab               functab      0000
__LidataBANK0            idataBANK0   0000
__Lidloc                 idloc        0000
__Linit                  init         0000
__Linittext              inittext     0000
__Lintentry              intentry     0000
__Lmaintext              maintext     0000
__Lpowerup               powerup      0000
__Lram                   ram          0000
__Lreset_vec             reset_vec    0000
__Lsfr0                  sfr0         0000
__Lsfr1                  sfr1         0000
__Lsfr2                  sfr2         0000
__Lsfr3                  sfr3         0000
__Lspace_0               (abs)        0000
__Lspace_1               (abs)        0000
__Lspace_2               (abs)        0000
__Lspace_3               (abs)        0000
__Lspace_4               (abs)        0000
__Lstack                 stack        0000
__Lstrings               strings      0000
__Ltext                  text         0000
__S0                     (abs)        0800
__S1                     (abs)        003E
__S3                     (abs)        0000
___int_sp                stack        0000
___latbits               (abs)        0001
___sp                    stack        0000
___stackhi               (abs)        0000
___stacklo               (abs)        0000
__end_of_I2C_ack         text12       06AC
__end_of_I2C_init        text11       06DD
__end_of_I2C_nack        text10       06B7
__end_of_I2C_read        text9        06C2
__end_of_I2C_restart     text8        067C
__end_of_I2C_start       text7        0682
__end_of_I2C_stop        text6        0688
__end_of_I2C_write       text5        06A1
__end_of_LCD_cmd         text2        0698
__end_of_LCD_dato        text3        0690
__end_of_LCD_init        text1        072B
__end_of_LCD_write       text4        0774
__end_of__initialization cinit        07FD
__end_of_main            maintext     07EA
__initialization         cinit        07EA
__pbssBANK0              bssBANK0     0036
__pcstackBANK0           cstackBANK0  002B
__pcstackCOMMON          cstackCOMMON 0000
__pdataBANK0             dataBANK0    0020
__pidataBANK0            idataBANK0   06C2
__pmaintext              maintext     0774
__ptext1                 text1        06ED
__ptext10                text10       06AC
__ptext11                text11       06CD
__ptext12                text12       06A1
__ptext2                 text2        0690
__ptext3                 text3        0688
__ptext4                 text4        072B
__ptext5                 text5        0698
__ptext6                 text6        0682
__ptext7                 text7        067C
__ptext8                 text8        0676
__ptext9                 text9        06B7
_datos                   dataBANK0    0020
_main                    maintext     0774
btemp                    (abs)        007E
end_of_initialization    cinit        07FD
init_fetch0              inittext     06DD
init_ram0                inittext     06E1
intlevel0                functab      0000
intlevel1                functab      0000
intlevel2                functab      0000
intlevel3                functab      0000
intlevel4                functab      0000
intlevel5                functab      0000
main@i                   cstackBANK0  0034
main@i_149               cstackBANK0  0035
reset_vec                reset_vec    0000
start                    init         0000
start_initialization     cinit        07EA
wtemp0                   (abs)        007E


MODULE INFORMATION

Module		Function		Class		Link	Load	Size
I2C.h
		_I2C_stop      		CODE           	0682	0000	6
		_I2C_read      		CODE           	06B7	0000	11
		_I2C_init      		CODE           	06CD	0000	16
		_I2C_ack       		CODE           	06A1	0000	11
		_I2C_nack      		CODE           	06AC	0000	11
		_I2C_start     		CODE           	067C	0000	6
		_I2C_restart   		CODE           	0676	0000	6
		_I2C_write     		CODE           	0698	0000	9

I2C.h estimated size: 76

shared
		__initialization		CODE           	07EA	0000	19

shared estimated size: 19

main.c
		_main          		CODE           	0774	0000	118

main.c estimated size: 118

LCD.c
		_LCD_write     		CODE           	072B	0000	73
		_LCD_init      		CODE           	06ED	0000	62
		_LCD_cmd       		CODE           	0690	0000	8
		_LCD_dato      		CODE           	0688	0000	8

LCD.c estimated size: 151

