Microchip MPLAB XC8 Compiler V2.10 ()

Linker command line:

-W-3 --edf=C:\Program Files (x86)\Microchip\xc8\v2.10\pic\dat\en_msgs.txt \
  -cs -h+dist/default/production\ADC_PIC16.X.production.sym \
  --cmf=dist/default/production\ADC_PIC16.X.production.cmf -z -Q16F873A \
  -oC:\Users\carlo\AppData\Local\Temp\s8t8.2 --defsym=__MPLAB_BUILD=1 \
  -Mdist/default/production/ADC_PIC16.X.production.map -E1 -ver=XC8 \
  --acfsm=1493 -ASTACK=0A0h-0FDh -pstack=STACK -ACODE=00h-07FFhx2 \
  -ASTRCODE=00h-0FFFh -ASTRING=00h-0FFhx16 -ACONST=00h-0FFhx16 \
  -AENTRY=00h-0FFhx16 -ABANK0=020h-07Dh -ABANK1=0A0h-0FDh \
  -ARAM=020h-07Dh,0A0h-0FDh -AABS1=020h-07Fh,0A0h-0FFh -ACOMMON=07Eh-07Fh \
  -ASFR0=00h-01Fh -ASFR1=080h-09Fh -ASFR2=0100h-017Dh -ASFR3=0180h-01FDh \
  -preset_vec=00h,intentry,init,end_init -ppowerup=CODE -pcinit=CODE \
  -pfunctab=ENTRY -ACONFIG=02007h-02007h -pconfig=CONFIG -DCONFIG=2 \
  -AIDLOC=02000h-02003h -pidloc=IDLOC -DIDLOC=2 -AEEDATA=00h-07Fh/02100h \
  -peeprom_data=EEDATA -DEEDATA=2 -DCODE=2 -DSTRCODE=2 -DSTRING=2 -DCONST=2 \
  -DENTRY=2 -k C:\Users\carlo\AppData\Local\Temp\s8t8.o \
  dist/default/production\ADC_PIC16.X.production.o 

Object code version is 3.11

Machine type is 16F873A



                Name                               Link     Load   Length Selector   Space Scale
C:\Users\carlo\AppData\Local\Temp\s8t8.o
                end_init                              0        0        2        0       0
                config                             2007     2007        1     400E       0
dist/default/production\ADC_PIC16.X.production.o
                cinit                               7FD      7FD        3      FFA       0
                text10                              548      548        E      A90       0
                text9                               58E      58E       24      B1C       0
                text8                               5B2      5B2       26      B64       0
                text7                               60A      60A       38      C14       0
                text6                               6C4      6C4       5F      D88       0
                text5                               56F      56F       1F      ADE       0
                text4                               556      556       19      AAC       0
                text3                               67E      67E       46      CFC       0
                text2                               642      642       3C      C84       0
                text1                               723      723       DA      E46       0
                maintext                            5D8      5D8       32      BB0       0
                cstackBANK0                          20       20       29       20       1
                strings                               2        2       13        4       0

TOTAL           Name                               Link     Load   Length     Space
        CLASS   STACK          

        CLASS   CODE           
                end_init                              0        0        2         0
                cinit                               7FD      7FD        3         0
                text10                              548      548        E         0
                text9                               58E      58E       24         0
                text8                               5B2      5B2       26         0
                text7                               60A      60A       38         0
                text6                               6C4      6C4       5F         0
                text5                               56F      56F       1F         0
                text4                               556      556       19         0
                text3                               67E      67E       46         0
                text2                               642      642       3C         0
                text1                               723      723       DA         0
                maintext                            5D8      5D8       32         0

        CLASS   STRCODE        

        CLASS   STRING         
                strings                               2        2       13         0

        CLASS   CONST          

        CLASS   ENTRY          

        CLASS   BANK0          
                cstackBANK0                          20       20       29         1

        CLASS   BANK1          

        CLASS   RAM            

        CLASS   ABS1           
                abs_s1                               7E       7E        2         1

        CLASS   COMMON         

        CLASS   SFR0           

        CLASS   SFR1           

        CLASS   SFR2           

        CLASS   SFR3           

        CLASS   CONFIG         
                config                             2007     2007        1         0

        CLASS   IDLOC          

        CLASS   EEDATA         

        CLASS   BANK3          

        CLASS   BANK2          



SEGMENTS        Name                           Load    Length   Top    Selector   Space  Class     Delta

                reset_vec                      000000  000002  000002         0       0  CODE        2
                strings                        000002  000013  000015         4       0  STRING      2
                cstackBANK0                    000020  000029  000049        20       1  BANK0       1
                text10                         000548  00000E  000556       A90       0  CODE        2
                text4                          000556  000019  00056F       AAC       0  CODE        2
                text5                          00056F  00001F  00058E       ADE       0  CODE        2
                text9                          00058E  000024  0005B2       B1C       0  CODE        2
                text8                          0005B2  000026  0005D8       B64       0  CODE        2
                maintext                       0005D8  000032  00060A       BB0       0  CODE        2
                text7                          00060A  000038  000642       C14       0  CODE        2
                text2                          000642  00003C  00067E       C84       0  CODE        2
                text3                          00067E  000046  0006C4       CFC       0  CODE        2
                text6                          0006C4  00005F  000723       D88       0  CODE        2
                text1                          000723  0000DA  0007FD       E46       0  CODE        2
                cinit                          0007FD  000003  000800       FFA       0  CODE        2
                config                         002007  000001  002008      400E       0  CONFIG      2


UNUSED ADDRESS RANGES

        Name                Unused          Largest block    Delta
        BANK0            0049-007D             35           1
        BANK1            00A0-00FD             5E           1
        CODE             0015-0547            533           2
                         0800-0FFF            800
        CONST            0015-0547            100           2
                         0800-0FFF            100
        EEDATA           2100-217F             80           2
        ENTRY            0015-0547            100           2
                         0800-0FFF            100
        IDLOC            2000-2003              4           2
        RAM              0049-007D             35           1
                         00A0-00FD             5E
        SFR0             0000-001F             20           1
        SFR1             0080-009F             20           1
        SFR2             0100-017D             7E           1
        SFR3             0180-01FD             7E           1
        STACK            00A0-00FD             5E           1
        STRCODE          0015-0547            533           2
                         0800-0FFF            800
        STRING           0015-0547            100           2
                         0800-0FFF            100

                                  Symbol Table

?_ADC_read                cstackBANK0  0020
?___lwdiv                 cstackBANK0  0020
?___lwmod                 cstackBANK0  0028
?_sprintf                 cstackBANK0  002E
ADC_read@channel          cstackBANK0  0023
LCD_char@caracter         cstackBANK0  0022
LCD_cmd@comando           cstackBANK0  0023
LCD_write_nible@nible     cstackBANK0  0020
LCD_write_text@dato       cstackBANK0  0024
_ADCON0bits               (abs)        001F
_ADCON1bits               (abs)        009F
_ADC_init                 text10       0548
_ADC_read                 text9        058E
_ADRESH                   (abs)        001E
_ADRESL                   (abs)        009E
_LCD_char                 text5        056F
_LCD_cmd                  text7        060A
_LCD_init                 text6        06C4
_LCD_write_nible          text8        05B2
_LCD_write_text           text4        0556
_PORTAbits                (abs)        0005
_PORTCbits                (abs)        0007
_TRISAbits                (abs)        0085
_TRISCbits                (abs)        0087
__CFG_BOREN$OFF           (abs)        0000
__CFG_CP$OFF              (abs)        0000
__CFG_CPD$OFF             (abs)        0000
__CFG_FOSC$XT             (abs)        0000
__CFG_LVP$OFF             (abs)        0000
__CFG_PWRTE$ON            (abs)        0000
__CFG_WDTE$OFF            (abs)        0000
__CFG_WRT$OFF             (abs)        0000
__Habs1                   abs1         0000
__Hbank0                  bank0        0000
__Hbank1                  bank1        0000
__Hbank2                  bank2        0000
__Hbank3                  bank3        0000
__Hcinit                  cinit        0800
__Hclrtext                clrtext      0000
__Hcode                   code         0000
__Hcommon                 common       0000
__Hconfig                 config       2008
__HcstackBANK0            cstackBANK0  0000
__HcstackCOMMON           cstackCOMMON 0000
__Heeprom_data            eeprom_data  0000
__Hend_init               end_init     0002
__Hfunctab                functab      0000
__Hidloc                  idloc        0000
__Hinit                   init         0000
__Hintentry               intentry     0000
__Hmaintext               maintext     0000
__Hpowerup                powerup      0000
__Hram                    ram          0000
__Hreset_vec              reset_vec    0000
__Hsfr0                   sfr0         0000
__Hsfr1                   sfr1         0000
__Hsfr2                   sfr2         0000
__Hsfr3                   sfr3         0000
__Hspace_0                (abs)        2008
__Hspace_1                (abs)        0049
__Hspace_2                (abs)        0000
__Hspace_3                (abs)        0000
__Hstack                  stack        0000
__Hstrings                strings      0000
__Htext                   text         0000
__Labs1                   abs1         0000
__Lbank0                  bank0        0000
__Lbank1                  bank1        0000
__Lbank2                  bank2        0000
__Lbank3                  bank3        0000
__Lcinit                  cinit        07FD
__Lclrtext                clrtext      0000
__Lcode                   code         0000
__Lcommon                 common       0000
__Lconfig                 config       2007
__LcstackBANK0            cstackBANK0  0000
__LcstackCOMMON           cstackCOMMON 0000
__Leeprom_data            eeprom_data  0000
__Lend_init               end_init     0000
__Lfunctab                functab      0000
__Lidloc                  idloc        0000
__Linit                   init         0000
__Lintentry               intentry     0000
__Lmaintext               maintext     0000
__Lpowerup                powerup      0000
__Lram                    ram          0000
__Lreset_vec              reset_vec    0000
__Lsfr0                   sfr0         0000
__Lsfr1                   sfr1         0000
__Lsfr2                   sfr2         0000
__Lsfr3                   sfr3         0000
__Lspace_0                (abs)        0000
__Lspace_1                (abs)        0000
__Lspace_2                (abs)        0000
__Lspace_3                (abs)        0000
__Lstack                  stack        0000
__Lstrings                strings      0000
__Ltext                   text         0000
__S0                      (abs)        2008
__S1                      (abs)        0049
__S2                      (abs)        0000
__S3                      (abs)        0000
___int_sp                 stack        0000
___latbits                (abs)        0001
___lwdiv                  text3        067E
___lwdiv@counter          cstackBANK0  0027
___lwdiv@dividend         cstackBANK0  0022
___lwdiv@divisor          cstackBANK0  0020
___lwdiv@quotient         cstackBANK0  0025
___lwmod                  text2        0642
___lwmod@counter          cstackBANK0  002D
___lwmod@dividend         cstackBANK0  002A
___lwmod@divisor          cstackBANK0  0028
___sp                     stack        0000
___stackhi                (abs)        0000
___stacklo                (abs)        0000
__end_of_ADC_init         text10       0556
__end_of_ADC_read         text9        05B2
__end_of_LCD_char         text5        058E
__end_of_LCD_cmd          text7        0642
__end_of_LCD_init         text6        0723
__end_of_LCD_write_nible  text8        05D8
__end_of_LCD_write_text   text4        056F
__end_of___lwdiv          text3        06C4
__end_of___lwmod          text2        067E
__end_of__initialization  cinit        07FD
__end_of__stringtab       strings      0008
__end_of_dpowers          strings      0012
__end_of_main             maintext     060A
__end_of_sprintf          text1        07FD
__initialization          cinit        07FD
__pcstackBANK0            cstackBANK0  0020
__pcstackCOMMON           cstackCOMMON 0000
__pmaintext               maintext     05D8
__pstrings                strings      0002
__ptext1                  text1        0723
__ptext10                 text10       0548
__ptext2                  text2        0642
__ptext3                  text3        067E
__ptext4                  text4        0556
__ptext5                  text5        056F
__ptext6                  text6        06C4
__ptext7                  text7        060A
__ptext8                  text8        05B2
__ptext9                  text9        058E
__size_of_ADC_init        (abs)        0000
__size_of_ADC_read        (abs)        0000
__size_of_LCD_char        (abs)        0000
__size_of_LCD_cmd         (abs)        0000
__size_of_LCD_init        (abs)        0000
__size_of_LCD_write_nible (abs)        0000
__size_of_LCD_write_text  (abs)        0000
__size_of___lwdiv         (abs)        0000
__size_of___lwmod         (abs)        0000
__size_of_main            (abs)        0000
__size_of_sprintf         (abs)        0000
__stringbase              strings      0007
__stringtab               strings      0002
_dpowers                  strings      0008
_main                     maintext     05D8
_sprintf                  text1        0723
btemp                     (abs)        007E
end_of_initialization     cinit        07FD
intlevel0                 functab      0000
intlevel1                 functab      0000
intlevel2                 functab      0000
intlevel3                 functab      0000
intlevel4                 functab      0000
intlevel5                 functab      0000
main@dato                 cstackBANK0  0047
main@str                  cstackBANK0  003D
reset_vec                 reset_vec    0000
sprintf@ap                cstackBANK0  0034
sprintf@c                 cstackBANK0  003A
sprintf@f                 cstackBANK0  002E
sprintf@flag              cstackBANK0  0035
sprintf@prec              cstackBANK0  0036
sprintf@sp                cstackBANK0  0039
sprintf@val               cstackBANK0  0037
start                     init         0000
start_initialization      cinit        07FD
wtemp0                    (abs)        007E


FUNCTION INFORMATION:

 *************** function _main *****************
 Defined at:
		line 27 in file "main.c"
 Parameters:    Size  Location     Type
		None
 Auto vars:     Size  Location     Type
  str            10   29[BANK0 ] unsigned char [10]
  dato            2   39[BANK0 ] unsigned int 
 Return value:  Size  Location     Type
                  1    wreg      void 
 Registers used:
		wreg, fsr0l, fsr0h, status,2, status,0, btemp+1, pclath, cstack
 Tracked objects:
		On entry : 
		On exit  : 
		Unchanged: 
 Data sizes:     COMMON   BANK0   BANK1
      Params:         0       0       0
      Locals:         0      12       0
      Temps:          0       2       0
      Totals:         0      14       0
Total ram usage:       14 bytes
 Hardware stack levels required when called:    3
 This function calls:
		_ADC_init
		_ADC_read
		_LCD_cmd
		_LCD_init
		_LCD_write_text
		_sprintf
 This function is called by:
		Startup code after reset
 This function uses a non-reentrant model


 *************** function _sprintf *****************
 Defined at:
		line 505 in file "C:\Program Files (x86)\Microchip\xc8\v2.10\pic\sources\c90\common\doprnt.c"
 Parameters:    Size  Location     Type
  sp              1    wreg     PTR unsigned char 
		 -> main@str(10), 
  f               1   14[BANK0 ] PTR const unsigned char 
		 -> STR_1(3), 
 Auto vars:     Size  Location     Type
  sp              1   25[BANK0 ] PTR unsigned char 
		 -> main@str(10), 
  tmpval          4    0        struct .
  val             2   23[BANK0 ] unsigned int 
  cp              2    0        PTR const unsigned char 
  len             2    0        unsigned int 
  c               1   26[BANK0 ] unsigned char 
  prec            1   22[BANK0 ] char 
  flag            1   21[BANK0 ] unsigned char 
  ap              1   20[BANK0 ] PTR void [1]
		 -> ?_sprintf(2), 
 Return value:  Size  Location     Type
                  2   14[BANK0 ] int 
 Registers used:
		wreg, fsr0l, fsr0h, status,2, status,0, btemp+1, pclath, cstack
 Tracked objects:
		On entry : 
		On exit  : 
		Unchanged: 
 Data sizes:     COMMON   BANK0   BANK1
      Params:         0       3       0
      Locals:         0       7       0
      Temps:          0       3       0
      Totals:         0      13       0
Total ram usage:       13 bytes
 Hardware stack levels used:    1
 Hardware stack levels required when called:    1
 This function calls:
		___lwdiv
		___lwmod
 This function is called by:
		_main
 This function uses a non-reentrant model


 *************** function ___lwmod *****************
 Defined at:
		line 5 in file "C:\Program Files (x86)\Microchip\xc8\v2.10\pic\sources\c90\common\lwmod.c"
 Parameters:    Size  Location     Type
  divisor         2    8[BANK0 ] unsigned int 
  dividend        2   10[BANK0 ] unsigned int 
 Auto vars:     Size  Location     Type
  counter         1   13[BANK0 ] unsigned char 
 Return value:  Size  Location     Type
                  2    8[BANK0 ] unsigned int 
 Registers used:
		wreg, status,2, status,0
 Tracked objects:
		On entry : 
		On exit  : 
		Unchanged: 
 Data sizes:     COMMON   BANK0   BANK1
      Params:         0       4       0
      Locals:         0       1       0
      Temps:          0       1       0
      Totals:         0       6       0
Total ram usage:        6 bytes
 Hardware stack levels used:    1
 This function calls:
		Nothing
 This function is called by:
		_sprintf
 This function uses a non-reentrant model


 *************** function ___lwdiv *****************
 Defined at:
		line 5 in file "C:\Program Files (x86)\Microchip\xc8\v2.10\pic\sources\c90\common\lwdiv.c"
 Parameters:    Size  Location     Type
  divisor         2    0[BANK0 ] unsigned int 
  dividend        2    2[BANK0 ] unsigned int 
 Auto vars:     Size  Location     Type
  quotient        2    5[BANK0 ] unsigned int 
  counter         1    7[BANK0 ] unsigned char 
 Return value:  Size  Location     Type
                  2    0[BANK0 ] unsigned int 
 Registers used:
		wreg, status,2, status,0
 Tracked objects:
		On entry : 
		On exit  : 
		Unchanged: 
 Data sizes:     COMMON   BANK0   BANK1
      Params:         0       4       0
      Locals:         0       3       0
      Temps:          0       1       0
      Totals:         0       8       0
Total ram usage:        8 bytes
 Hardware stack levels used:    1
 This function calls:
		Nothing
 This function is called by:
		_sprintf
 This function uses a non-reentrant model


 *************** function _LCD_write_text *****************
 Defined at:
		line 143 in file "./LCD.h"
 Parameters:    Size  Location     Type
  dato            1    wreg     PTR unsigned char 
		 -> main@str(10), 
 Auto vars:     Size  Location     Type
  dato            1    4[BANK0 ] PTR unsigned char 
		 -> main@str(10), 
 Return value:  Size  Location     Type
                  1    wreg      void 
 Registers used:
		wreg, fsr0l, fsr0h, status,2, status,0, pclath, cstack
 Tracked objects:
		On entry : 
		On exit  : 
		Unchanged: 
 Data sizes:     COMMON   BANK0   BANK1
      Params:         0       0       0
      Locals:         0       1       0
      Temps:          0       1       0
      Totals:         0       2       0
Total ram usage:        2 bytes
 Hardware stack levels used:    1
 Hardware stack levels required when called:    2
 This function calls:
		_LCD_char
 This function is called by:
		_main
 This function uses a non-reentrant model


 *************** function _LCD_char *****************
 Defined at:
		line 131 in file "./LCD.h"
 Parameters:    Size  Location     Type
  caracter        1    wreg     unsigned char 
 Auto vars:     Size  Location     Type
  caracter        1    2[BANK0 ] unsigned char 
 Return value:  Size  Location     Type
                  1    wreg      void 
 Registers used:
		wreg, status,2, status,0, pclath, cstack
 Tracked objects:
		On entry : 
		On exit  : 
		Unchanged: 
 Data sizes:     COMMON   BANK0   BANK1
      Params:         0       0       0
      Locals:         0       1       0
      Temps:          0       1       0
      Totals:         0       2       0
Total ram usage:        2 bytes
 Hardware stack levels used:    1
 Hardware stack levels required when called:    1
 This function calls:
		_LCD_write_nible
 This function is called by:
		_LCD_write_text
		_LCD_custom_char
 This function uses a non-reentrant model


 *************** function _LCD_init *****************
 Defined at:
		line 63 in file "./LCD.h"
 Parameters:    Size  Location     Type
		None
 Auto vars:     Size  Location     Type
		None
 Return value:  Size  Location     Type
                  1    wreg      void 
 Registers used:
		wreg, status,2, status,0, pclath, cstack
 Tracked objects:
		On entry : 
		On exit  : 
		Unchanged: 
 Data sizes:     COMMON   BANK0   BANK1
      Params:         0       0       0
      Locals:         0       0       0
      Temps:          0       2       0
      Totals:         0       2       0
Total ram usage:        2 bytes
 Hardware stack levels used:    1
 Hardware stack levels required when called:    2
 This function calls:
		_LCD_cmd
		_LCD_write_nible
 This function is called by:
		_main
 This function uses a non-reentrant model


 *************** function _LCD_cmd *****************
 Defined at:
		line 116 in file "./LCD.h"
 Parameters:    Size  Location     Type
  comando         1    wreg     unsigned char 
 Auto vars:     Size  Location     Type
  comando         1    3[BANK0 ] unsigned char 
 Return value:  Size  Location     Type
                  1    wreg      void 
 Registers used:
		wreg, status,2, status,0, pclath, cstack
 Tracked objects:
		On entry : 
		On exit  : 
		Unchanged: 
 Data sizes:     COMMON   BANK0   BANK1
      Params:         0       0       0
      Locals:         0       1       0
      Temps:          0       2       0
      Totals:         0       3       0
Total ram usage:        3 bytes
 Hardware stack levels used:    1
 Hardware stack levels required when called:    1
 This function calls:
		_LCD_write_nible
 This function is called by:
		_LCD_init
		_main
		_LCD_gotoxy
		_LCD_custom_char
 This function uses a non-reentrant model


 *************** function _LCD_write_nible *****************
 Defined at:
		line 101 in file "./LCD.h"
 Parameters:    Size  Location     Type
  nible           1    wreg     unsigned char 
 Auto vars:     Size  Location     Type
  nible           1    0[BANK0 ] unsigned char 
 Return value:  Size  Location     Type
                  1    wreg      void 
 Registers used:
		wreg
 Tracked objects:
		On entry : 
		On exit  : 
		Unchanged: 
 Data sizes:     COMMON   BANK0   BANK1
      Params:         0       0       0
      Locals:         0       1       0
      Temps:          0       0       0
      Totals:         0       1       0
Total ram usage:        1 bytes
 Hardware stack levels used:    1
 This function calls:
		Nothing
 This function is called by:
		_LCD_init
		_LCD_cmd
		_LCD_char
 This function uses a non-reentrant model


 *************** function _ADC_read *****************
 Defined at:
		line 30 in file "./ADC.h"
 Parameters:    Size  Location     Type
  channel         1    wreg     unsigned char 
 Auto vars:     Size  Location     Type
  channel         1    3[BANK0 ] unsigned char 
 Return value:  Size  Location     Type
                  2    0[BANK0 ] unsigned int 
 Registers used:
		wreg, status,2, status,0
 Tracked objects:
		On entry : 
		On exit  : 
		Unchanged: 
 Data sizes:     COMMON   BANK0   BANK1
      Params:         0       2       0
      Locals:         0       1       0
      Temps:          0       1       0
      Totals:         0       4       0
Total ram usage:        4 bytes
 Hardware stack levels used:    1
 This function calls:
		Nothing
 This function is called by:
		_main
 This function uses a non-reentrant model


 *************** function _ADC_init *****************
 Defined at:
		line 16 in file "./ADC.h"
 Parameters:    Size  Location     Type
		None
 Auto vars:     Size  Location     Type
		None
 Return value:  Size  Location     Type
                  1    wreg      void 
 Registers used:
		wreg, status,2, status,0
 Tracked objects:
		On entry : 
		On exit  : 
		Unchanged: 
 Data sizes:     COMMON   BANK0   BANK1
      Params:         0       0       0
      Locals:         0       0       0
      Temps:          0       0       0
      Totals:         0       0       0
Total ram usage:        0 bytes
 Hardware stack levels used:    1
 This function calls:
		Nothing
 This function is called by:
		_main
 This function uses a non-reentrant model



MODULE INFORMATION

Module		Function		Class		Link	Load	Size
C:\Program Files (x86)\Microchip\xc8\v2.10\pic\sources\c90\common\lwdiv.c
		___lwdiv       		CODE           	067E	0000	71

C:\Program Files (x86)\Microchip\xc8\v2.10\pic\sources\c90\common\lwdiv.c estimated size: 71

./ADC.h
		_ADC_read      		CODE           	058E	0000	37
		_ADC_init      		CODE           	0548	0000	15

./ADC.h estimated size: 52

./LCD.h
		_LCD_init      		CODE           	06C4	0000	96
		_LCD_write_text		CODE           	0556	0000	26
		_LCD_cmd       		CODE           	060A	0000	57
		_LCD_write_nible		CODE           	05B2	0000	39
		_LCD_char      		CODE           	056F	0000	32

./LCD.h estimated size: 250

shared
		__stringtab    		STRING         	0002	0000	7
		_dpowers       		STRING         	0008	0000	11
		__initialization		CODE           	07FD	0000	1

shared estimated size: 19

C:\Program Files (x86)\Microchip\xc8\v2.10\pic\sources\c90\common\lwmod.c
		___lwmod       		CODE           	0642	0000	61

C:\Program Files (x86)\Microchip\xc8\v2.10\pic\sources\c90\common\lwmod.c estimated size: 61

C:\Program Files (x86)\Microchip\xc8\v2.10\pic\sources\c90\common\doprnt.c
		_sprintf       		CODE           	0723	0000	219

C:\Program Files (x86)\Microchip\xc8\v2.10\pic\sources\c90\common\doprnt.c estimated size: 219

main.c
		_main          		CODE           	05D8	0000	51

main.c estimated size: 51

