Microchip MPLAB XC8 Compiler V2.36

Linker command line:

-W-3 --edf=C:\Program Files\Microchip\xc8\v2.36\pic\dat\en_msgs.txt -cn \
  -h+dist/default/production\DIMMER_PIC16F873A.X.production.sym \
  --cmf=dist/default/production\DIMMER_PIC16F873A.X.production.cmf -z \
  -Q16F873A -oC:\Users\carlo\AppData\Local\Temp\xcAs7ng.4 \
  --defsym=__MPLAB_BUILD=1 \
  -Mdist/default/production/DIMMER_PIC16F873A.X.production.map \
  --md=C:\Users\carlo\AppData\Local\Temp\xcAs7ng.dat -E1 -ver=XC8 Compiler \
  --acfsm=1493 -ACODE=00h-07FFhx2 -ASTRCODE=00h-0FFFh -ASTRING=00h-0FFhx16 \
  -ACONST=00h-0FFhx16 -AENTRY=00h-0FFhx16 -ABANK0=020h-07Dh \
  -ABANK1=0A0h-0FDh -ARAM=020h-07Dh,0A0h-0FDh -AABS1=020h-07Fh,0A0h-0FFh \
  -ACOMMON=07Eh-07Fh -ASFR0=00h-01Fh -ASFR1=080h-09Fh -ASFR2=0100h-017Dh \
  -ASFR3=0180h-01FDh -ACONFIG=02007h-02007h -DCONFIG=2 \
  -AIDLOC=02000h-02003h -DIDLOC=2 -AEEDATA=00h-07Fh/02100h \
  -peeprom_data=EEDATA -DEEDATA=2 -DCODE=2 -DSTRCODE=2 -DSTRING=2 -DCONST=2 \
  -DENTRY=2 -preset_vec=00h,intentry=04h,init,end_init -ppowerup=CODE \
  -pcinit=CODE -pfunctab=ENTRY -k \
  C:\Users\carlo\AppData\Local\Temp\xcAs7ng.o \
  dist/default/production\DIMMER_PIC16F873A.X.production.o 

Object code version is 3.11

Machine type is 16F873A



                Name                               Link     Load   Length Selector   Space Scale
C:\Users\carlo\AppData\Local\Temp\xcAs7ng.o
                end_init                              D        D        2        8       0
                reset_vec                             0        0        2        0       0
                config                             2007     2007        1        0       4
                idloc                              2000     2000        4        0       5
dist/default/production\DIMMER_PIC16F873A.X.production.o
                cinit                                 F        F       10        8       0
                intentry                              4        4        9        8       0
                config                             2007     2007        1        0       4
                idloc                              2000     2000        4        0       5
                text6                                5A       5A       2A        8       0
                text5                                AE       AE        E        8       0
                text4                                84       84       17        8       0
                text3                                C9       C9        5        8       0
                text2                                BC       BC        D        8       0
                text1                                9B       9B       13        8       0
                maintext                             1F       1F       3B        8       0
                cstackBANK0                          2B       2B        7       20       1
                bssBANK0                             20       20        B       20       1

TOTAL           Name                               Link     Load   Length     Space
        CLASS   CODE           
                end_init                              D        D        2         0
                cinit                                 F        F       10         0
                intentry                              4        4        9         0
                reset_vec                             0        0        2         0
                text6                                5A       5A       2A         0
                text5                                AE       AE        E         0
                text4                                84       84       17         0
                text3                                C9       C9        5         0
                text2                                BC       BC        D         0
                text1                                9B       9B       13         0
                maintext                             1F       1F       3B         0

        CLASS   STRCODE        

        CLASS   STRING         

        CLASS   CONST          

        CLASS   ENTRY          

        CLASS   BANK0          
                cstackBANK0                          2B       2B        7         1
                bssBANK0                             20       20        B         1

        CLASS   BANK1          

        CLASS   RAM            

        CLASS   ABS1           
                abs_s1                               7E       7E        2         1

        CLASS   COMMON         

        CLASS   SFR0           

        CLASS   SFR1           

        CLASS   SFR2           

        CLASS   SFR3           

        CLASS   CONFIG         
                config                             2007     2007        1         4

        CLASS   IDLOC          
                idloc                              2000     2000        4         5

        CLASS   EEDATA         

        CLASS   BANK3          

        CLASS   BANK2          

        CLASS   STACK          



SEGMENTS        Name                           Load    Length   Top    Selector   Space  Class     Delta

                reset_vec                      000000  000002  000002         0       0  CODE        2
                intentry                       000004  0000CA  0000CE         8       0  CODE        2
                bssBANK0                       000020  000012  000032        20       1  BANK0       1


UNUSED ADDRESS RANGES

        Name                Unused          Largest block    Delta
        BANK0            0032-007D             4C           1
        BANK1            00A0-00FD             5E           1
        CODE             0002-0003              2           2
                         00CE-0FFF            732
        CONST            0002-0003              2           2
                         00CE-0FFF            100
        EEDATA           2100-217F             80           2
        ENTRY            0002-0003              2           2
                         00CE-0FFF            100
        RAM              0032-007D             4C           1
                         00A0-00FD             5E
        SFR0             0000-001F             20           1
        SFR1             0080-009F             20           1
        SFR2             0100-017D             7E           1
        SFR3             0180-01FD             7E           1
        STRCODE          0002-0003              2           2
                         00CE-0FFF            F32
        STRING           0002-0003              2           2
                         00CE-0FFF            100

                                  Symbol Table

ADC_read@channel         cstackBANK0  002F
_ADCON0bits              (abs)        001F
_ADCON1bits              (abs)        009F
_ADC_init                text5        00AE
_ADC_read                text4        0084
_ADRESH                  (abs)        001E
_INTCONbits              (abs)        000B
_Interrupcion            text6        005A
_OPTION_REGbits          (abs)        0081
_PIR1bits                (abs)        000C
_PORTBbits               (abs)        0006
_RB0_init                text3        00C9
_RCREG                   (abs)        001A
_RCSTAbits               (abs)        0018
_SPBRG                   (abs)        0099
_TIMER0_init             text2        00BC
_TMR0                    (abs)        0001
_TRISBbits               (abs)        0086
_TRISCbits               (abs)        0087
_TXREG                   (abs)        0019
_TXSTAbits               (abs)        0098
_UART_init               text1        009B
__Habs1                  abs1         0000
__Hbank0                 bank0        0000
__Hbank1                 bank1        0000
__Hbank2                 bank2        0000
__Hbank3                 bank3        0000
__HbssBANK0              bssBANK0     0000
__Hcinit                 cinit        001F
__Hclrtext               clrtext      0000
__Hcode                  code         0000
__Hcommon                common       0000
__Hconfig                config       2008
__HcstackBANK0           cstackBANK0  0000
__HcstackCOMMON          cstackCOMMON 0000
__Heeprom_data           eeprom_data  0000
__Hend_init              end_init     000F
__Hfunctab               functab      0000
__Hidloc                 idloc        2004
__Hinit                  init         000D
__Hintentry              intentry     000D
__Hmaintext              maintext     0000
__Hpowerup               powerup      0000
__Hram                   ram          0000
__Hreset_vec             reset_vec    0002
__Hsfr0                  sfr0         0000
__Hsfr1                  sfr1         0000
__Hsfr2                  sfr2         0000
__Hsfr3                  sfr3         0000
__Hspace_0               (abs)        00CE
__Hspace_1               (abs)        0032
__Hspace_2               (abs)        0000
__Hspace_3               (abs)        0000
__Hspace_4               (abs)        400F
__Hstack                 stack        0000
__Hstrings               strings      0000
__Htext                  text         0000
__Labs1                  abs1         0000
__Lbank0                 bank0        0000
__Lbank1                 bank1        0000
__Lbank2                 bank2        0000
__Lbank3                 bank3        0000
__LbssBANK0              bssBANK0     0000
__Lcinit                 cinit        000F
__Lclrtext               clrtext      0000
__Lcode                  code         0000
__Lcommon                common       0000
__Lconfig                config       0000
__LcstackBANK0           cstackBANK0  0000
__LcstackCOMMON          cstackCOMMON 0000
__Leeprom_data           eeprom_data  0000
__Lend_init              end_init     000D
__Lfunctab               functab      0000
__Lidloc                 idloc        0000
__Linit                  init         000D
__Lintentry              intentry     0004
__Lmaintext              maintext     0000
__Lpowerup               powerup      0000
__Lram                   ram          0000
__Lreset_vec             reset_vec    0000
__Lsfr0                  sfr0         0000
__Lsfr1                  sfr1         0000
__Lsfr2                  sfr2         0000
__Lsfr3                  sfr3         0000
__Lspace_0               (abs)        0000
__Lspace_1               (abs)        0000
__Lspace_2               (abs)        0000
__Lspace_3               (abs)        0000
__Lspace_4               (abs)        0000
__Lstack                 stack        0000
__Lstrings               strings      0000
__Ltext                  text         0000
__S0                     (abs)        00CE
__S1                     (abs)        0032
__S3                     (abs)        0000
___int_sp                stack        0000
___latbits               (abs)        0001
___sp                    stack        0000
___stackhi               (abs)        0000
___stacklo               (abs)        0000
__end_of_ADC_init        text5        00BC
__end_of_ADC_read        text4        009B
__end_of_Interrupcion    text6        0084
__end_of_RB0_init        text3        00CE
__end_of_TIMER0_init     text2        00C9
__end_of_UART_init       text1        00AE
__end_of__initialization cinit        001C
__end_of_main            maintext     005A
__initialization         cinit        000F
__pbssBANK0              bssBANK0     0020
__pcstackBANK0           cstackBANK0  002B
__pcstackCOMMON          cstackCOMMON 0000
__pintentry              intentry     0004
__pmaintext              maintext     001F
__ptext1                 text1        009B
__ptext2                 text2        00BC
__ptext3                 text3        00C9
__ptext4                 text4        0084
__ptext5                 text5        00AE
__ptext6                 text6        005A
_main                    maintext     001F
_tiempo                  bssBANK0     002A
btemp                    (abs)        007E
end_of_initialization    cinit        001C
interrupt_function       intentry     0004
intlevel0                functab      0000
intlevel1                functab      0000
intlevel2                functab      0000
intlevel3                functab      0000
intlevel4                functab      0000
intlevel5                functab      0000
reset_vec                reset_vec    0000
saved_w                  (abs)        007E
start                    init         000D
start_initialization     cinit        000F
wtemp0                   (abs)        007E


MODULE INFORMATION

Module		Function		Class		Link	Load	Size
./ADC.h
		_ADC_read      		CODE           	0084	0000	23
		_ADC_init      		CODE           	00AE	0000	14

./ADC.h estimated size: 37

./UART.h
		_UART_init     		CODE           	009B	0000	19

./UART.h estimated size: 19

shared
		__initialization		CODE           	000F	0000	13

shared estimated size: 13

main.c
		_Interrupcion  		CODE           	005A	0000	42
		_main          		CODE           	001F	0000	59
		_RB0_init      		CODE           	00C9	0000	5
		_TIMER0_init   		CODE           	00BC	0000	13

main.c estimated size: 119

