Microchip MPLAB XC8 Compiler V2.36

Linker command line:

-W-3 --edf=C:\Program Files\Microchip\xc8\v2.36\pic\dat\en_msgs.txt -cn \
  -h+dist/default/production\INTERRUPCION_PIC16F873A.X.production.sym \
  --cmf=dist/default/production\INTERRUPCION_PIC16F873A.X.production.cmf -z \
  -Q16F873A -oC:\Users\carlo\AppData\Local\Temp\xcAsgi4.4 \
  --defsym=__MPLAB_BUILD=1 \
  -Mdist/default/production/INTERRUPCION_PIC16F873A.X.production.map \
  --md=C:\Users\carlo\AppData\Local\Temp\xcAsgi4.dat -E1 -ver=XC8 Compiler \
  -ACODE=00h-07FFhx2 -ASTRCODE=00h-0FFFh -ASTRING=00h-0FFhx16 \
  -ACONST=00h-0FFhx16 -AENTRY=00h-0FFhx16 -ABANK0=020h-07Dh \
  -ABANK1=0A0h-0FDh -ARAM=020h-07Dh,0A0h-0FDh -AABS1=020h-07Fh,0A0h-0FFh \
  -ACOMMON=07Eh-07Fh -ASFR0=00h-01Fh -ASFR1=080h-09Fh -ASFR2=0100h-017Dh \
  -ASFR3=0180h-01FDh -ACONFIG=02007h-02007h -DCONFIG=2 \
  -AIDLOC=02000h-02003h -DIDLOC=2 -AEEDATA=00h-07Fh/02100h \
  -peeprom_data=EEDATA -DEEDATA=2 -DCODE=2 -DSTRCODE=2 -DSTRING=2 -DCONST=2 \
  -DENTRY=2 -preset_vec=00h,intentry=04h,init,end_init -ppowerup=CODE \
  -pcinit=CODE -pfunctab=ENTRY -k \
  C:\Users\carlo\AppData\Local\Temp\xcAsgi4.o \
  dist/default/production\INTERRUPCION_PIC16F873A.X.production.o 

Object code version is 3.11

Machine type is 16F873A



                Name                               Link     Load   Length Selector   Space Scale
C:\Users\carlo\AppData\Local\Temp\xcAsgi4.o
                end_init                             11       11        2        8       0
                reset_vec                             0        0        2        0       0
                config                             2007     2007        1        0       4
                idloc                              2000     2000        4        0       5
dist/default/production\INTERRUPCION_PIC16F873A.X.production.o
                cinit                                13       13        3        8       0
                intentry                              4        4        D        8       0
                config                             2007     2007        1        0       4
                idloc                              2000     2000        4        0       5
                text12                              206      206       3E      390       0
                text11                              278      278       34      390       0
                text10                              31D      31D        A      390       0
                text9                               32E      32E        7      390       0
                text8                                C5       C5       AF        8       0
                text7                               2DB      2DB       25      390       0
                text6                               300      300       13      390       0
                text5                               1C8      1C8       3E      390       0
                text4                               244      244       34      390       0
                text3                               313      313        A      390       0
                text2                               327      327        7      390       0
                text1                                16       16       AF        8       0
                maintext                            2AC      2AC       2F      390       0
                cstackBANK0                          20       20       3C       20       1
                strings                             174      174       54      2E8       0

TOTAL           Name                               Link     Load   Length     Space
        CLASS   CODE           
                end_init                             11       11        2         0
                cinit                                13       13        3         0
                intentry                              4        4        D         0
                reset_vec                             0        0        2         0
                text12                              206      206       3E         0
                text11                              278      278       34         0
                text10                              31D      31D        A         0
                text9                               32E      32E        7         0
                text8                                C5       C5       AF         0
                text7                               2DB      2DB       25         0
                text6                               300      300       13         0
                text5                               1C8      1C8       3E         0
                text4                               244      244       34         0
                text3                               313      313        A         0
                text2                               327      327        7         0
                text1                                16       16       AF         0
                maintext                            2AC      2AC       2F         0

        CLASS   STRCODE        

        CLASS   STRING         
                strings                             174      174       54         0

        CLASS   CONST          

        CLASS   ENTRY          

        CLASS   BANK0          
                cstackBANK0                          20       20       3C         1

        CLASS   BANK1          

        CLASS   RAM            

        CLASS   ABS1           
                abs_s1                               7E       7E        2         1

        CLASS   COMMON         

        CLASS   SFR0           

        CLASS   SFR1           

        CLASS   SFR2           

        CLASS   SFR3           

        CLASS   CONFIG         
                config                             2007     2007        1         4

        CLASS   IDLOC          
                idloc                              2000     2000        4         5

        CLASS   EEDATA         

        CLASS   BANK3          

        CLASS   BANK2          

        CLASS   STACK          



SEGMENTS        Name                           Load    Length   Top    Selector   Space  Class     Delta

                reset_vec                      000000  000002  000002         0       0  CODE        2
                intentry                       000004  000170  000174         8       0  CODE        2
                cstackBANK0                    000020  00003C  00005C        20       1  BANK0       1
                strings                        000174  000054  0001C8       2E8       0  STRING      2
                text5                          0001C8  00016D  000335       390       0  CODE        2


UNUSED ADDRESS RANGES

        Name                Unused          Largest block    Delta
        BANK0            005C-007D             22           1
        BANK1            00A0-00FD             5E           1
        CODE             0002-0003              2           2
                         0335-0FFF            4CB
        CONST            0002-0003              2           2
                         0335-0FFF            100
        EEDATA           2100-217F             80           2
        ENTRY            0002-0003              2           2
                         0335-0FFF            100
        RAM              005C-007D             22           1
                         00A0-00FD             5E
        SFR0             0000-001F             20           1
        SFR1             0080-009F             20           1
        SFR2             0100-017D             7E           1
        SFR3             0180-01FD             7E           1
        STRCODE          0002-0003              2           2
                         0335-0FFF            CCB
        STRING           0002-0003              2           2
                         0335-0FFF            100

                                  Symbol Table

?___lwdiv                cstackBANK0  003E
?___lwmod                cstackBANK0  0046
?_printf                 cstackBANK0  004C
?i1___lwdiv              cstackBANK0  0020
?i1___lwmod              cstackBANK0  0028
?i1_printf               cstackBANK0  0020
Interrupcion@dataRX      cstackBANK0  003D
UART_write@dato          cstackBANK0  003E
_INTCONbits              (abs)        000B
_Interrupcion            text7        02DB
_OPTION_REGbits          (abs)        0081
_PIE1bits                (abs)        008C
_PIR1bits                (abs)        000C
_RCREG                   (abs)        001A
_RCSTAbits               (abs)        0018
_SPBRG                   (abs)        0099
_TRISCbits               (abs)        0087
_TXREG                   (abs)        0019
_TXSTAbits               (abs)        0098
_UART_init               text6        0300
_UART_write              text3        0313
__Habs1                  abs1         0000
__Hbank0                 bank0        0000
__Hbank1                 bank1        0000
__Hbank2                 bank2        0000
__Hbank3                 bank3        0000
__Hcinit                 cinit        0016
__Hclrtext               clrtext      0000
__Hcode                  code         0000
__Hcommon                common       0000
__Hconfig                config       2008
__HcstackBANK0           cstackBANK0  0000
__HcstackCOMMON          cstackCOMMON 0000
__Heeprom_data           eeprom_data  0000
__Hend_init              end_init     0013
__Hfunctab               functab      0000
__Hidloc                 idloc        2004
__Hinit                  init         0011
__Hintentry              intentry     0011
__Hmaintext              maintext     0000
__Hpowerup               powerup      0000
__Hram                   ram          0000
__Hreset_vec             reset_vec    0002
__Hsfr0                  sfr0         0000
__Hsfr1                  sfr1         0000
__Hsfr2                  sfr2         0000
__Hsfr3                  sfr3         0000
__Hspace_0               (abs)        0335
__Hspace_1               (abs)        005C
__Hspace_2               (abs)        0000
__Hspace_3               (abs)        0000
__Hspace_4               (abs)        400F
__Hstack                 stack        0000
__Hstrings               strings      0000
__Htext                  text         0000
__Labs1                  abs1         0000
__Lbank0                 bank0        0000
__Lbank1                 bank1        0000
__Lbank2                 bank2        0000
__Lbank3                 bank3        0000
__Lcinit                 cinit        0013
__Lclrtext               clrtext      0000
__Lcode                  code         0000
__Lcommon                common       0000
__Lconfig                config       0000
__LcstackBANK0           cstackBANK0  0000
__LcstackCOMMON          cstackCOMMON 0000
__Leeprom_data           eeprom_data  0000
__Lend_init              end_init     0011
__Lfunctab               functab      0000
__Lidloc                 idloc        0000
__Linit                  init         0011
__Lintentry              intentry     0004
__Lmaintext              maintext     0000
__Lpowerup               powerup      0000
__Lram                   ram          0000
__Lreset_vec             reset_vec    0000
__Lsfr0                  sfr0         0000
__Lsfr1                  sfr1         0000
__Lsfr2                  sfr2         0000
__Lsfr3                  sfr3         0000
__Lspace_0               (abs)        0000
__Lspace_1               (abs)        0000
__Lspace_2               (abs)        0000
__Lspace_3               (abs)        0000
__Lspace_4               (abs)        0000
__Lstack                 stack        0000
__Lstrings               strings      0000
__Ltext                  text         0000
__S0                     (abs)        0335
__S1                     (abs)        005C
__S3                     (abs)        0000
___int_sp                stack        0000
___latbits               (abs)        0001
___lwdiv                 text5        01C8
___lwdiv@counter         cstackBANK0  0045
___lwdiv@dividend        cstackBANK0  0040
___lwdiv@divisor         cstackBANK0  003E
___lwdiv@quotient        cstackBANK0  0043
___lwmod                 text4        0244
___lwmod@counter         cstackBANK0  004B
___lwmod@dividend        cstackBANK0  0048
___lwmod@divisor         cstackBANK0  0046
___sp                    stack        0000
___stackhi               (abs)        0000
___stacklo               (abs)        0000
__end_of_Interrupcion    text7        0300
__end_of_UART_init       text6        0313
__end_of_UART_write      text3        031D
__end_of___lwdiv         text5        0206
__end_of___lwmod         text4        0278
__end_of__initialization cinit        0013
__end_of__stringtab      strings      017A
__end_of_dpowers         strings      0184
__end_of_main            maintext     02DB
__end_of_printf          text1        00C5
__end_of_putch           text2        032E
__end_ofi1_UART_write    text10       0327
__end_ofi1___lwdiv       text12       0244
__end_ofi1___lwmod       text11       02AC
__end_ofi1_printf        text8        0174
__end_ofi1_putch         text9        0335
__initialization         cinit        0013
__pcstackBANK0           cstackBANK0  0020
__pcstackCOMMON          cstackCOMMON 0000
__pintentry              intentry     0004
__pmaintext              maintext     02AC
__pstrings               strings      0174
__ptext1                 text1        0016
__ptext10                text10       031D
__ptext11                text11       0278
__ptext12                text12       0206
__ptext2                 text2        0327
__ptext3                 text3        0313
__ptext4                 text4        0244
__ptext5                 text5        01C8
__ptext6                 text6        0300
__ptext7                 text7        02DB
__ptext8                 text8        00C5
__ptext9                 text9        032E
__stringbase             strings      0179
__stringtab              strings      0174
_dpowers                 strings      017A
_main                    maintext     02AC
_printf                  text1        0016
_putch                   text2        0327
btemp                    (abs)        007E
end_of_initialization    cinit        0013
i1UART_write@dato        cstackBANK0  0020
i1_UART_write            text10       031D
i1___lwdiv               text12       0206
i1___lwdiv@counter       cstackBANK0  0027
i1___lwdiv@dividend      cstackBANK0  0022
i1___lwdiv@divisor       cstackBANK0  0020
i1___lwdiv@quotient      cstackBANK0  0025
i1___lwmod               text11       0278
i1___lwmod@counter       cstackBANK0  002D
i1___lwmod@dividend      cstackBANK0  002A
i1___lwmod@divisor       cstackBANK0  0028
i1_printf                text8        00C5
i1_putch                 text9        032E
i1printf@ap              cstackBANK0  0031
i1printf@c               cstackBANK0  0037
i1printf@f               cstackBANK0  0033
i1printf@flag            cstackBANK0  0032
i1printf@prec            cstackBANK0  0034
i1printf@val             cstackBANK0  0035
i1putch@txDato           cstackBANK0  0021
interrupt_function       intentry     0004
intlevel0                functab      0000
intlevel1                functab      0000
intlevel2                functab      0000
intlevel3                functab      0000
intlevel4                functab      0000
intlevel5                functab      0000
main@numero              cstackBANK0  005B
printf@ap                cstackBANK0  0051
printf@c                 cstackBANK0  0057
printf@f                 cstackBANK0  0054
printf@flag              cstackBANK0  0052
printf@prec              cstackBANK0  0053
printf@val               cstackBANK0  0055
putch@txDato             cstackBANK0  003F
reset_vec                reset_vec    0000
saved_w                  (abs)        007E
start                    init         0011
start_initialization     cinit        0013
wtemp0                   (abs)        007E


MODULE INFORMATION

Module		Function		Class		Link	Load	Size
C:\Program Files\Microchip\xc8\v2.36\pic\sources\c90\common\doprnt.c
		_printf        		CODE           	0016	0000	175

C:\Program Files\Microchip\xc8\v2.36\pic\sources\c90\common\doprnt.c estimated size: 175

C:\Program Files\Microchip\xc8\v2.36\pic\sources\c90\common\lwmod.c
		___lwmod       		CODE           	0244	0000	52

C:\Program Files\Microchip\xc8\v2.36\pic\sources\c90\common\lwmod.c estimated size: 52

UART.h
		_putch         		CODE           	0327	0000	7
		_UART_init     		CODE           	0300	0000	19
		_UART_write    		CODE           	0313	0000	10

UART.h estimated size: 36

C:\Program Files\Microchip\xc8\v2.36\pic\sources\c90\common\lwdiv.c
		___lwdiv       		CODE           	01C8	0000	62

C:\Program Files\Microchip\xc8\v2.36\pic\sources\c90\common\lwdiv.c estimated size: 62

shared
		i1_printf      		CODE           	00C5	0000	175
		i1_putch       		CODE           	032E	0000	7
		__stringtab    		STRING         	0174	0000	6
		i1___lwdiv     		CODE           	0206	0000	62
		_dpowers       		STRING         	017A	0000	10
		i1_UART_write  		CODE           	031D	0000	10
		i1___lwmod     		CODE           	0278	0000	52
		__initialization		CODE           	0013	0000	1

shared estimated size: 323

main.c
		_Interrupcion  		CODE           	02DB	0000	37
		_main          		CODE           	02AC	0000	47

main.c estimated size: 84

