Microchip MPLAB XC8 Compiler V2.36

Linker command line:

-W-3 --edf=C:\Program Files\Microchip\xc8\v2.36\pic\dat\en_msgs.txt -cn \
  -h+dist/default/production\PWM_PIC16F873A.X.production.sym \
  --cmf=dist/default/production\PWM_PIC16F873A.X.production.cmf -z \
  -Q16F873A -oC:\Users\carlo\AppData\Local\Temp\xcAs10k.4 \
  --defsym=__MPLAB_BUILD=1 \
  -Mdist/default/production/PWM_PIC16F873A.X.production.map \
  --md=C:\Users\carlo\AppData\Local\Temp\xcAs10k.dat -E1 -ver=XC8 Compiler \
  --acfsm=1493 -ACODE=00h-07FFhx2 -ASTRCODE=00h-0FFFh -ASTRING=00h-0FFhx16 \
  -ACONST=00h-0FFhx16 -AENTRY=00h-0FFhx16 -ABANK0=020h-07Dh \
  -ABANK1=0A0h-0FDh -ARAM=020h-07Dh,0A0h-0FDh -AABS1=020h-07Fh,0A0h-0FFh \
  -ACOMMON=07Eh-07Fh -ASFR0=00h-01Fh -ASFR1=080h-09Fh -ASFR2=0100h-017Dh \
  -ASFR3=0180h-01FDh -ACONFIG=02007h-02007h -DCONFIG=2 \
  -AIDLOC=02000h-02003h -DIDLOC=2 -AEEDATA=00h-07Fh/02100h \
  -peeprom_data=EEDATA -DEEDATA=2 -DCODE=2 -DSTRCODE=2 -DSTRING=2 -DCONST=2 \
  -DENTRY=2 -preset_vec=00h,intentry,init,end_init -ppowerup=CODE \
  -pcinit=CODE -pfunctab=ENTRY -k \
  C:\Users\carlo\AppData\Local\Temp\xcAs10k.o \
  dist/default/production\PWM_PIC16F873A.X.production.o 

Object code version is 3.11

Machine type is 16F873A



                Name                               Link     Load   Length Selector   Space Scale
C:\Users\carlo\AppData\Local\Temp\xcAs10k.o
                end_init                              0        0        2        0       0
                config                             2007     2007        1        0       4
                idloc                              2000     2000        4        0       5
dist/default/production\PWM_PIC16F873A.X.production.o
                cinit                               7FD      7FD        3      FFA       0
                config                             2007     2007        1        0       4
                idloc                              2000     2000        4        0       5
                text9                               5E1      5E1        E      BC2       0
                text8                               62A      62A       24      C54       0
                text7                               5EF      5EF        F      BDE       0
                text6                               5FE      5FE       13      BFC       0
                text5                               5D5      5D5        C      BAA       0
                text4                               611      611       19      C22       0
                text3                               68A      68A       46      D14       0
                text2                               64E      64E       3C      C9C       0
                text1                               72B      72B       D2      E56       0
                maintext                            6D0      6D0       5B      DA0       0
                cstackBANK0                          20       20       2E       20       1
                strings                               2        2       1B        4       0

TOTAL           Name                               Link     Load   Length     Space
        CLASS   CODE           
                end_init                              0        0        2         0
                cinit                               7FD      7FD        3         0
                text9                               5E1      5E1        E         0
                text8                               62A      62A       24         0
                text7                               5EF      5EF        F         0
                text6                               5FE      5FE       13         0
                text5                               5D5      5D5        C         0
                text4                               611      611       19         0
                text3                               68A      68A       46         0
                text2                               64E      64E       3C         0
                text1                               72B      72B       D2         0
                maintext                            6D0      6D0       5B         0

        CLASS   STRCODE        

        CLASS   STRING         
                strings                               2        2       1B         0

        CLASS   CONST          

        CLASS   ENTRY          

        CLASS   BANK0          
                cstackBANK0                          20       20       2E         1

        CLASS   BANK1          

        CLASS   RAM            

        CLASS   ABS1           
                abs_s1                               7E       7E        2         1

        CLASS   COMMON         

        CLASS   SFR0           

        CLASS   SFR1           

        CLASS   SFR2           

        CLASS   SFR3           

        CLASS   CONFIG         
                config                             2007     2007        1         4

        CLASS   IDLOC          
                idloc                              2000     2000        4         5

        CLASS   EEDATA         

        CLASS   BANK3          

        CLASS   BANK2          

        CLASS   STACK          



SEGMENTS        Name                           Load    Length   Top    Selector   Space  Class     Delta

                reset_vec                      000000  000002  000002         0       0  CODE        2
                strings                        000002  00001B  00001D         4       0  STRING      2
                cstackBANK0                    000020  00002E  00004E        20       1  BANK0       1
                text5                          0005D5  00000C  0005E1       BAA       0  CODE        2
                text9                          0005E1  00000E  0005EF       BC2       0  CODE        2
                text7                          0005EF  00000F  0005FE       BDE       0  CODE        2
                text6                          0005FE  000013  000611       BFC       0  CODE        2
                text4                          000611  000019  00062A       C22       0  CODE        2
                text8                          00062A  000024  00064E       C54       0  CODE        2
                text2                          00064E  00003C  00068A       C9C       0  CODE        2
                text3                          00068A  000046  0006D0       D14       0  CODE        2
                maintext                       0006D0  00005B  00072B       DA0       0  CODE        2
                text1                          00072B  0000D2  0007FD       E56       0  CODE        2
                cinit                          0007FD  000003  000800       FFA       0  CODE        2


UNUSED ADDRESS RANGES

        Name                Unused          Largest block    Delta
        BANK0            004E-007D             30           1
        BANK1            00A0-00FD             5E           1
        CODE             001D-05D4            5B8           2
                         0800-0FFF            800
        CONST            001D-05D4            100           2
                         0800-0FFF            100
        EEDATA           2100-217F             80           2
        ENTRY            001D-05D4            100           2
                         0800-0FFF            100
        RAM              004E-007D             30           1
                         00A0-00FD             5E
        SFR0             0000-001F             20           1
        SFR1             0080-009F             20           1
        SFR2             0100-017D             7E           1
        SFR3             0180-01FD             7E           1
        STRCODE          001D-05D4            5B8           2
                         0800-0FFF            800
        STRING           001D-05D4            100           2
                         0800-0FFF            100

                                  Symbol Table

?_ADC_read               cstackBANK0  0020
?___lwdiv                cstackBANK0  0020
?___lwmod                cstackBANK0  0028
?_sprintf                cstackBANK0  002E
ADC_read@channel         cstackBANK0  0023
UART_write@dato          cstackBANK0  0020
UART_write_text@cadena   cstackBANK0  0022
_ADCON0bits              (abs)        001F
_ADCON1bits              (abs)        009F
_ADC_init                text9        05E1
_ADC_read                text8        062A
_ADRESH                  (abs)        001E
_ADRESL                  (abs)        009E
_CCP1CON                 (abs)        0017
_CCP1CONbits             (abs)        0017
_CCPR1L                  (abs)        0015
_PIR1bits                (abs)        000C
_PR2                     (abs)        0092
_RCREG                   (abs)        001A
_RCSTAbits               (abs)        0018
_SPBRG                   (abs)        0099
_T2CONbits               (abs)        0012
_TIMER2_init             text7        05EF
_TMR2                    (abs)        0011
_TRISCbits               (abs)        0087
_TXREG                   (abs)        0019
_TXSTAbits               (abs)        0098
_UART_init               text6        05FE
_UART_write              text5        05D5
_UART_write_text         text4        0611
__Habs1                  abs1         0000
__Hbank0                 bank0        0000
__Hbank1                 bank1        0000
__Hbank2                 bank2        0000
__Hbank3                 bank3        0000
__Hcinit                 cinit        0800
__Hclrtext               clrtext      0000
__Hcode                  code         0000
__Hcommon                common       0000
__Hconfig                config       2008
__HcstackBANK0           cstackBANK0  0000
__HcstackCOMMON          cstackCOMMON 0000
__Heeprom_data           eeprom_data  0000
__Hend_init              end_init     0002
__Hfunctab               functab      0000
__Hidloc                 idloc        2004
__Hinit                  init         0000
__Hintentry              intentry     0000
__Hmaintext              maintext     0000
__Hpowerup               powerup      0000
__Hram                   ram          0000
__Hreset_vec             reset_vec    0000
__Hsfr0                  sfr0         0000
__Hsfr1                  sfr1         0000
__Hsfr2                  sfr2         0000
__Hsfr3                  sfr3         0000
__Hspace_0               (abs)        0800
__Hspace_1               (abs)        004E
__Hspace_2               (abs)        0000
__Hspace_3               (abs)        0000
__Hspace_4               (abs)        400F
__Hstack                 stack        0000
__Hstrings               strings      0000
__Htext                  text         0000
__Labs1                  abs1         0000
__Lbank0                 bank0        0000
__Lbank1                 bank1        0000
__Lbank2                 bank2        0000
__Lbank3                 bank3        0000
__Lcinit                 cinit        07FD
__Lclrtext               clrtext      0000
__Lcode                  code         0000
__Lcommon                common       0000
__Lconfig                config       0000
__LcstackBANK0           cstackBANK0  0000
__LcstackCOMMON          cstackCOMMON 0000
__Leeprom_data           eeprom_data  0000
__Lend_init              end_init     0000
__Lfunctab               functab      0000
__Lidloc                 idloc        0000
__Linit                  init         0000
__Lintentry              intentry     0000
__Lmaintext              maintext     0000
__Lpowerup               powerup      0000
__Lram                   ram          0000
__Lreset_vec             reset_vec    0000
__Lsfr0                  sfr0         0000
__Lsfr1                  sfr1         0000
__Lsfr2                  sfr2         0000
__Lsfr3                  sfr3         0000
__Lspace_0               (abs)        0000
__Lspace_1               (abs)        0000
__Lspace_2               (abs)        0000
__Lspace_3               (abs)        0000
__Lspace_4               (abs)        0000
__Lstack                 stack        0000
__Lstrings               strings      0000
__Ltext                  text         0000
__S0                     (abs)        0800
__S1                     (abs)        004E
__S3                     (abs)        0000
___int_sp                stack        0000
___latbits               (abs)        0001
___lwdiv                 text3        068A
___lwdiv@counter         cstackBANK0  0027
___lwdiv@dividend        cstackBANK0  0022
___lwdiv@divisor         cstackBANK0  0020
___lwdiv@quotient        cstackBANK0  0025
___lwmod                 text2        064E
___lwmod@counter         cstackBANK0  002D
___lwmod@dividend        cstackBANK0  002A
___lwmod@divisor         cstackBANK0  0028
___sp                    stack        0000
___stackhi               (abs)        0000
___stacklo               (abs)        0000
__end_of_ADC_init        text9        05EF
__end_of_ADC_read        text8        064E
__end_of_TIMER2_init     text7        05FE
__end_of_UART_init       text6        0611
__end_of_UART_write      text5        05E1
__end_of_UART_write_text text4        062A
__end_of___lwdiv         text3        06D0
__end_of___lwmod         text2        068A
__end_of__initialization cinit        07FD
__end_of__stringtab      strings      0008
__end_of_dpowers         strings      0012
__end_of_main            maintext     072B
__end_of_sprintf         text1        07FD
__initialization         cinit        07FD
__pcstackBANK0           cstackBANK0  0020
__pcstackCOMMON          cstackCOMMON 0000
__pmaintext              maintext     06D0
__pstrings               strings      0002
__ptext1                 text1        072B
__ptext2                 text2        064E
__ptext3                 text3        068A
__ptext4                 text4        0611
__ptext5                 text5        05D5
__ptext6                 text6        05FE
__ptext7                 text7        05EF
__ptext8                 text8        062A
__ptext9                 text9        05E1
__stringbase             strings      0007
__stringtab              strings      0002
_dpowers                 strings      0008
_main                    maintext     06D0
_sprintf                 text1        072B
btemp                    (abs)        007E
end_of_initialization    cinit        07FD
intlevel0                functab      0000
intlevel1                functab      0000
intlevel2                functab      0000
intlevel3                functab      0000
intlevel4                functab      0000
intlevel5                functab      0000
main@dato                cstackBANK0  003D
main@dc                  cstackBANK0  004C
reset_vec                reset_vec    0000
sprintf@ap               cstackBANK0  0034
sprintf@c                cstackBANK0  003A
sprintf@f                cstackBANK0  002E
sprintf@flag             cstackBANK0  0035
sprintf@prec             cstackBANK0  0036
sprintf@sp               cstackBANK0  0039
sprintf@val              cstackBANK0  0037
start                    init         0000
start_initialization     cinit        07FD
wtemp0                   (abs)        007E


MODULE INFORMATION

Module		Function		Class		Link	Load	Size
C:\Program Files\Microchip\xc8\v2.36\pic\sources\c90\common\doprnt.c
		_sprintf       		CODE           	072B	0000	210

C:\Program Files\Microchip\xc8\v2.36\pic\sources\c90\common\doprnt.c estimated size: 210

C:\Program Files\Microchip\xc8\v2.36\pic\sources\c90\common\lwmod.c
		___lwmod       		CODE           	064E	0000	60

C:\Program Files\Microchip\xc8\v2.36\pic\sources\c90\common\lwmod.c estimated size: 60

UART.h
		_UART_init     		CODE           	05FE	0000	19
		_UART_write_text		CODE           	0611	0000	25
		_UART_write    		CODE           	05D5	0000	12

UART.h estimated size: 56

C:\Program Files\Microchip\xc8\v2.36\pic\sources\c90\common\lwdiv.c
		___lwdiv       		CODE           	068A	0000	70

C:\Program Files\Microchip\xc8\v2.36\pic\sources\c90\common\lwdiv.c estimated size: 70

shared
		__stringtab    		STRING         	0002	0000	6
		_dpowers       		STRING         	0008	0000	10
		__initialization		CODE           	07FD	0000	1

shared estimated size: 17

ADC.h
		_ADC_read      		CODE           	062A	0000	36
		_ADC_init      		CODE           	05E1	0000	14

ADC.h estimated size: 50

main.c
		_main          		CODE           	06D0	0000	91
		_TIMER2_init   		CODE           	05EF	0000	15

main.c estimated size: 106

